app/auth/LoginService.class
app/controller/EmpregadorController.class
app/controller/CandidatoController.class
app/service/EnderecoService.class
app/auth/LoginController.class
app/entity/Candidato.class
app/service/ContatoService.class
app/controller/EnderecoController.class
app/entity/Vagas.class
app/AppMain.class
app/controller/ContatoController.class
app/config/GlobalExceptionHandler.class
app/repository/VagasRepository.class
app/entity/Contato.class
app/auth/Usuario.class
app/entity/Endereco.class
app/entity/Empregador.class
app/repository/CandidatoRepository.class
app/auth/LoginRepository.class
app/controller/VagasController.class
app/auth/Login.class
app/config/JwtAuthenticationFilter.class
app/service/CandidatoService_.class
app/repository/ContatoRepository.class
app/config/SecurityConfig.class
app/service/VagasService.class
app/config/SecurityManager.class
app/service/EmpregadorService.class
app/config/JwtServiceGenerator.class
app/repository/EmpregadorRepository.class
app/repository/EnderecoRepository.class
