/Users/scream/Desktop/Faculdade/4 - Periodo/Vagas-SENAC/src/main/java/app/AppMain.java
/Users/scream/Desktop/Faculdade/4 - Periodo/Vagas-SENAC/src/main/java/app/auth/Login.java
/Users/scream/Desktop/Faculdade/4 - Periodo/Vagas-SENAC/src/main/java/app/auth/LoginController.java
/Users/scream/Desktop/Faculdade/4 - Periodo/Vagas-SENAC/src/main/java/app/auth/LoginRepository.java
/Users/scream/Desktop/Faculdade/4 - Periodo/Vagas-SENAC/src/main/java/app/auth/LoginService.java
/Users/scream/Desktop/Faculdade/4 - Periodo/Vagas-SENAC/src/main/java/app/auth/Usuario.java
/Users/scream/Desktop/Faculdade/4 - Periodo/Vagas-SENAC/src/main/java/app/config/GlobalExceptionHandler.java
/Users/scream/Desktop/Faculdade/4 - Periodo/Vagas-SENAC/src/main/java/app/config/JwtAuthenticationFilter.java
/Users/scream/Desktop/Faculdade/4 - Periodo/Vagas-SENAC/src/main/java/app/config/JwtServiceGenerator.java
/Users/scream/Desktop/Faculdade/4 - Periodo/Vagas-SENAC/src/main/java/app/config/SecurityConfig.java
/Users/scream/Desktop/Faculdade/4 - Periodo/Vagas-SENAC/src/main/java/app/config/SecurityManager.java
/Users/scream/Desktop/Faculdade/4 - Periodo/Vagas-SENAC/src/main/java/app/controller/CandidatoController.java
/Users/scream/Desktop/Faculdade/4 - Periodo/Vagas-SENAC/src/main/java/app/controller/ContatoController.java
/Users/scream/Desktop/Faculdade/4 - Periodo/Vagas-SENAC/src/main/java/app/controller/EmpregadorController.java
/Users/scream/Desktop/Faculdade/4 - Periodo/Vagas-SENAC/src/main/java/app/controller/EnderecoController.java
/Users/scream/Desktop/Faculdade/4 - Periodo/Vagas-SENAC/src/main/java/app/controller/VagasController.java
/Users/scream/Desktop/Faculdade/4 - Periodo/Vagas-SENAC/src/main/java/app/entity/Candidato.java
/Users/scream/Desktop/Faculdade/4 - Periodo/Vagas-SENAC/src/main/java/app/entity/Contato.java
/Users/scream/Desktop/Faculdade/4 - Periodo/Vagas-SENAC/src/main/java/app/entity/Empregador.java
/Users/scream/Desktop/Faculdade/4 - Periodo/Vagas-SENAC/src/main/java/app/entity/Endereco.java
/Users/scream/Desktop/Faculdade/4 - Periodo/Vagas-SENAC/src/main/java/app/entity/Vagas.java
/Users/scream/Desktop/Faculdade/4 - Periodo/Vagas-SENAC/src/main/java/app/repository/CandidatoRepository.java
/Users/scream/Desktop/Faculdade/4 - Periodo/Vagas-SENAC/src/main/java/app/repository/ContatoRepository.java
/Users/scream/Desktop/Faculdade/4 - Periodo/Vagas-SENAC/src/main/java/app/repository/EmpregadorRepository.java
/Users/scream/Desktop/Faculdade/4 - Periodo/Vagas-SENAC/src/main/java/app/repository/EnderecoRepository.java
/Users/scream/Desktop/Faculdade/4 - Periodo/Vagas-SENAC/src/main/java/app/repository/VagasRepository.java
/Users/scream/Desktop/Faculdade/4 - Periodo/Vagas-SENAC/src/main/java/app/service/CandidatoService_.java
/Users/scream/Desktop/Faculdade/4 - Periodo/Vagas-SENAC/src/main/java/app/service/ContatoService.java
/Users/scream/Desktop/Faculdade/4 - Periodo/Vagas-SENAC/src/main/java/app/service/EmpregadorService.java
/Users/scream/Desktop/Faculdade/4 - Periodo/Vagas-SENAC/src/main/java/app/service/EnderecoService.java
/Users/scream/Desktop/Faculdade/4 - Periodo/Vagas-SENAC/src/main/java/app/service/VagasService.java
