/Users/scream/Desktop/Faculdade/4 - Periodo/Vagas-SENAC/src/test/java/app/controller/test/CandidatoControllerTest.java
/Users/scream/Desktop/Faculdade/4 - Periodo/Vagas-SENAC/src/test/java/app/controller/test/ContatoControllerTest.java
/Users/scream/Desktop/Faculdade/4 - Periodo/Vagas-SENAC/src/test/java/app/controller/test/EmpregadorControllerTest.java
/Users/scream/Desktop/Faculdade/4 - Periodo/Vagas-SENAC/src/test/java/app/controller/test/EnderecoControllerTest.java
/Users/scream/Desktop/Faculdade/4 - Periodo/Vagas-SENAC/src/test/java/app/controller/test/VagasControllerTest.java
/Users/scream/Desktop/Faculdade/4 - Periodo/Vagas-SENAC/src/test/java/app/service/test/CandidatoServiceTest.java
/Users/scream/Desktop/Faculdade/4 - Periodo/Vagas-SENAC/src/test/java/app/service/test/ContatoServiceTest.java
/Users/scream/Desktop/Faculdade/4 - Periodo/Vagas-SENAC/src/test/java/app/service/test/EmpregadorServiceTest.java
/Users/scream/Desktop/Faculdade/4 - Periodo/Vagas-SENAC/src/test/java/app/service/test/EnderecoServiceTest.java
/Users/scream/Desktop/Faculdade/4 - Periodo/Vagas-SENAC/src/test/java/app/service/test/VagasServiceTest.java
